---
source: tui/src/bottom_pane/chat_composer.rs
expression: terminal.backend()
---
"▌[Pasted Content 1005 chars]                                                                        "
"▌                                                                                                   "
"▌                                                                                                   "
"▌                                                                                                   "
"▌                                                                                                   "
"▌                                                                                                   "
"▌                                                                                                   "
"▌                                                                                                   "
"▌                                                                                                   "
" ⏎ send   Ctrl+J newline   Ctrl+T transcript   Ctrl+C quit                                          "
