---
source: tui/src/bottom_pane/chat_composer.rs
expression: terminal.backend()
---
"╭──────────────────────────────────────────────────────────────────────────────────────────────────╮"
"│[Pasted Content 1005 chars]                                                                       │"
"│                                                                                                  │"
"│                                                                                                  │"
"│                                                                                                  │"
"│                                                                                                  │"
"│                                                                                                  │"
"│                                                                                                  │"
"│                                                                                                  │"
"╰───────────────────────────────────────────────Enter to send | Ctrl+D to quit | Ctrl+J for newline╯"
