---
source: tui/src/bottom_pane/chat_composer.rs
expression: terminal.backend()
---
"╭──────────────────────────────────────────────────────────────────────────────────────────────────╮"
"│short                                                                                             │"
"│                                                                                                  │"
"│                                                                                                  │"
"│                                                                                                  │"
"│                                                                                                  │"
"│                                                                                                  │"
"│                                                                                                  │"
"│                                                                                                  │"
"╰───────────────────────────────────────────────Enter to send | Ctrl+D to quit | Ctrl+J for newline╯"
